// Jest Snapshot v1, https://goo.gl/fbAQLP

exports[`<Stars /> should render the stars correctly 1`] = `
<div
  data-testid="Mock Canvas"
/>
`;
