// Jest Snapshot v1, https://goo.gl/fbAQLP

exports[`<PlaneAnimation /> should render the plane animation correctly 1`] = `
<div
  data-testid="Mock Lottie"
/>
`;
