// Jest Snapshot v1, https://goo.gl/fbAQLP

exports[`<ProfileIcon /> should render the profile icon correctly 1`] = `
<svg
  fill="none"
  height="24"
  stroke="currentColor"
  stroke-linecap="round"
  stroke-linejoin="round"
  stroke-width="2"
  viewBox="0 0 24 24"
  width="24"
>
  <path
    d="M20 21v-2a4 4 0 0 0-4-4H8a4 4 0 0 0-4 4v2"
  />
  <circle
    cx="12"
    cy="7"
    r="4"
  />
</svg>
`;
