// Jest Snapshot v1, https://goo.gl/fbAQLP

exports[`<DarkModeSwitcher /> should render the dark mode switcher correctly 1`] = `
<script>
  !function(){var d=document.documentElement,c=d.classList;c.remove('light','dark');d.style.colorScheme = 'light';c.add('light')}()
</script>
`;

exports[`<DarkModeSwitcher /> should render the dark mode switcher light 1`] = `
<script>
  !function(){var d=document.documentElement,c=d.classList;c.remove('light','dark');d.style.colorScheme = 'light';c.add('light')}()
</script>
`;
