// Jest Snapshot v1, https://goo.gl/fbAQLP

exports[`<DropdownSide /> should render the dropdown side correctly 1`] = `
<div
  data-orientation="vertical"
>
  <div
    class="min-w-min"
    data-orientation="vertical"
    data-state="closed"
  >
    <button
      aria-controls="radix-:r1:"
      aria-expanded="false"
      data-orientation="vertical"
      data-radix-collection-item=""
      data-state="closed"
      id="radix-:r0:"
      type="button"
    >
      <div
        class="flex w-auto items-center gap-9 rounded-xl p-3 outline-primary-400 transition-all text-comet-500 dark:text-dark-300 hover:bg-primary-400/90 hover:text-white-lilac-50 focus:bg-primary-400/90 focus:text-white-lilac-50 dark:hover:text-white-lilac-50 lg:w-64 lg:rounded lg:px-6 lg:py-2"
      >
        <svg
          fill="none"
          height="24"
          viewBox="0 0 10 10"
          width="24"
          xmlns="http://www.w3.org/2000/svg"
        >
          <path
            d="M4.35716 2.47737L0.908974 5.82987L5.0443e-07 4.94612L5 0.0848689L10 4.94612L9.09103 5.82987L5.64284 2.47737L5.64284 10.0849L4.35716 10.0849L4.35716 2.47737Z"
            fill="currentColor"
          />
        </svg>
        <div
          class="text-[0.938rem] font-light lg:flex"
        >
          <span>
            Test
          </span>
        </div>
      </div>
    </button>
    <div
      aria-labelledby="radix-:r0:"
      class="mt-4 flex min-w-min flex-col gap-2"
      data-orientation="vertical"
      data-state="closed"
      hidden=""
      id="radix-:r1:"
      role="region"
      style="--radix-accordion-content-height: var(--radix-collapsible-content-height); --radix-accordion-content-width: var(--radix-collapsible-content-width);"
    />
  </div>
  ,
</div>
`;
