// Jest Snapshot v1, https://goo.gl/fbAQLP

exports[`<ApexChart /> should render the apex chart correctly 1`] = `null`;
