// Jest Snapshot v1, https://goo.gl/fbAQLP

exports[`<PlayIcon /> should render the PlayIcon correctly 1`] = `
<svg
  fill="none"
  height="24"
  viewBox="0 0 24 24"
  width="24"
  xmlns="http://www.w3.org/2000/svg"
>
  <path
    d="M4 12V8.44002C4 4.02002 7.13 2.21002 10.96 4.42002L14.05 6.20002L17.14 7.98002C20.97 10.19 20.97 13.81 17.14 16.02L14.05 17.8L10.96 19.58C7.13 21.79 4 19.98 4 15.56V12Z"
    stroke="currentColor"
    stroke-linecap="round"
    stroke-linejoin="round"
    stroke-miterlimit="10"
    stroke-width="1.5"
  />
</svg>
`;
