// Jest Snapshot v1, https://goo.gl/fbAQLP

exports[`<Container /> should render the container correctly 1`] = `
<div
  class="rounded border transition-all border-zumthor-100 bg-white-lilac-50 shadow-default dark:border-shark-950 dark:bg-smoke-950"
>
  <h1>
    Test
  </h1>
</div>
`;
